{
  "checks": 1172,
  "passed": 1172,
  "failed": 0,
  "global_editable_settings": 19,
  "presentation_controls": 17,
  "assets": {
    "search.js": {
      "bytes": 2528,
      "gzip_bytes": 895
    },
    "gift-card.js": {
      "bytes": 412,
      "gzip_bytes": 282
    },
    "cart.js": {
      "bytes": 2511,
      "gzip_bytes": 1002
    },
    "cart-state.js": {
      "bytes": 748,
      "gzip_bytes": 412
    },
    "media.js": {
      "bytes": 672,
      "gzip_bytes": 363
    },
    "base.css": {
      "bytes": 20653,
      "gzip_bytes": 4610
    },
    "navigation.js": {
      "bytes": 1043,
      "gzip_bytes": 467
    }
  }
}
